Component: ARM Compiler 6.14 Tool: armlink [5db06800]

==============================================================================

Section Cross References

    main.o(.text.main) refers to main.o(.text.initClock) for initClock
    main.o(.text.main) refers to main.o(.text.initSysTick) for initSysTick
    main.o(.text.main) refers to main.o(.text.initTimer) for initTimer
    main.o(.text.main) refers to display.o(.text.display_begin) for display_begin
    main.o(.text.main) refers to main.o(.text.pinMode) for pinMode
    main.o(.text.main) refers to main.o(.text.enablePullUp) for enablePullUp
    main.o(.text.main) refers to main.o(.text.playBrici) for playBrici
    main.o(.ARM.exidx.text.main) refers to main.o(.text.main) for [Anonymous Symbol]
    main.o(.ARM.exidx.text.initClock) refers to main.o(.text.initClock) for [Anonymous Symbol]
    main.o(.ARM.exidx.text.initSysTick) refers to main.o(.text.initSysTick) for [Anonymous Symbol]
    main.o(.text.initTimer) refers to main.o(.text.pinMode) for pinMode
    main.o(.text.initTimer) refers to aeabi_sdivfast.o(.text_divfast) for __aeabi_uidiv
    main.o(.ARM.exidx.text.initTimer) refers to main.o(.text.initTimer) for [Anonymous Symbol]
    main.o(.ARM.exidx.text.pinMode) refers to main.o(.text.pinMode) for [Anonymous Symbol]
    main.o(.ARM.exidx.text.enablePullUp) refers to main.o(.text.enablePullUp) for [Anonymous Symbol]
    main.o(.text.playBrici) refers to display.o(.text.fillRectangle) for fillRectangle
    main.o(.text.playBrici) refers to display.o(.text.RGBToWord) for RGBToWord
    main.o(.text.playBrici) refers to display.o(.text.printText) for printText
    main.o(.text.playBrici) refers to main.o(.text.LeftPressed) for LeftPressed
    main.o(.text.playBrici) refers to main.o(.text.randomize) for randomize
    main.o(.text.playBrici) refers to main.o(.text.random) for random
    main.o(.text.playBrici) refers to main.o(.text.moveBall) for moveBall
    main.o(.text.playBrici) refers to main.o(.text.showBlock) for showBlock
    main.o(.text.playBrici) refers to main.o(.text.showBall) for showBall
    main.o(.text.playBrici) refers to main.o(.text.showBat) for showBat
    main.o(.text.playBrici) refers to display.o(.text.printNumber) for printNumber
    main.o(.text.playBrici) refers to main.o(.text.delay) for delay
    main.o(.text.playBrici) refers to main.o(.text.RightPressed) for RightPressed
    main.o(.text.playBrici) refers to main.o(.text.moveBat) for moveBat
    main.o(.text.playBrici) refers to main.o(.text.blockTouching) for blockTouching
    main.o(.text.playBrici) refers to main.o(.text.hideBlock) for hideBlock
    main.o(.text.playBrici) refers to main.o(.bss.bat_y) for bat_y
    main.o(.text.playBrici) refers to main.o(.bss.bat_x) for bat_x
    main.o(.text.playBrici) refers to main.o(.bss.ball_x) for ball_x
    main.o(.text.playBrici) refers to main.o(.bss.ball_y) for ball_y
    main.o(.text.playBrici) refers to main.o(.rodata.str1.1) for .L.str.2
    main.o(.text.playBrici) refers to main.o(.data.Blocks) for Blocks
    main.o(.ARM.exidx.text.playBrici) refers to main.o(.text.playBrici) for [Anonymous Symbol]
    main.o(.ARM.exidx.text.LeftPressed) refers to main.o(.text.LeftPressed) for [Anonymous Symbol]
    main.o(.text.randomize) refers to main.o(.bss.prbs_shift_register) for [Anonymous Symbol]
    main.o(.text.randomize) refers to main.o(.bss.milliseconds) for milliseconds
    main.o(.ARM.exidx.text.randomize) refers to main.o(.text.randomize) for [Anonymous Symbol]
    main.o(.text.random) refers to aeabi_sdivfast.o(.text) for __aeabi_uidivmod
    main.o(.text.random) refers to main.o(.bss.prbs_shift_register) for [Anonymous Symbol]
    main.o(.ARM.exidx.text.random) refers to main.o(.text.random) for [Anonymous Symbol]
    main.o(.text.moveBall) refers to main.o(.text.hideBall) for hideBall
    main.o(.text.moveBall) refers to main.o(.text.showBall) for showBall
    main.o(.text.moveBall) refers to main.o(.bss.ball_y) for ball_y
    main.o(.text.moveBall) refers to main.o(.bss.ball_x) for ball_x
    main.o(.ARM.exidx.text.moveBall) refers to main.o(.text.moveBall) for [Anonymous Symbol]
    main.o(.text.showBlock) refers to display.o(.text.fillRectangle) for fillRectangle
    main.o(.text.showBlock) refers to main.o(.data.Blocks) for Blocks
    main.o(.ARM.exidx.text.showBlock) refers to main.o(.text.showBlock) for [Anonymous Symbol]
    main.o(.text.showBall) refers to display.o(.text.RGBToWord) for RGBToWord
    main.o(.text.showBall) refers to display.o(.text.fillRectangle) for fillRectangle
    main.o(.text.showBall) refers to main.o(.bss.ball_y) for ball_y
    main.o(.text.showBall) refers to main.o(.bss.ball_x) for ball_x
    main.o(.ARM.exidx.text.showBall) refers to main.o(.text.showBall) for [Anonymous Symbol]
    main.o(.text.showBat) refers to display.o(.text.RGBToWord) for RGBToWord
    main.o(.text.showBat) refers to display.o(.text.fillRectangle) for fillRectangle
    main.o(.text.showBat) refers to main.o(.bss.bat_y) for bat_y
    main.o(.text.showBat) refers to main.o(.bss.bat_x) for bat_x
    main.o(.ARM.exidx.text.showBat) refers to main.o(.text.showBat) for [Anonymous Symbol]
    main.o(.ARM.exidx.text.RightPressed) refers to main.o(.text.RightPressed) for [Anonymous Symbol]
    main.o(.text.moveBat) refers to main.o(.text.hideBat) for hideBat
    main.o(.text.moveBat) refers to main.o(.text.showBat) for showBat
    main.o(.text.moveBat) refers to main.o(.bss.bat_y) for bat_y
    main.o(.text.moveBat) refers to main.o(.bss.bat_x) for bat_x
    main.o(.ARM.exidx.text.moveBat) refers to main.o(.text.moveBat) for [Anonymous Symbol]
    main.o(.ARM.exidx.text.UpPressed) refers to main.o(.text.UpPressed) for [Anonymous Symbol]
    main.o(.text.blockTouching) refers to main.o(.data.Blocks) for Blocks
    main.o(.text.blockTouching) refers to main.o(.bss.ball_y) for ball_y
    main.o(.ARM.exidx.text.blockTouching) refers to main.o(.text.blockTouching) for [Anonymous Symbol]
    main.o(.text.hideBlock) refers to display.o(.text.fillRectangle) for fillRectangle
    main.o(.text.hideBlock) refers to main.o(.data.Blocks) for Blocks
    main.o(.ARM.exidx.text.hideBlock) refers to main.o(.text.hideBlock) for [Anonymous Symbol]
    main.o(.text.delay) refers to main.o(.bss.milliseconds) for milliseconds
    main.o(.ARM.exidx.text.delay) refers to main.o(.text.delay) for [Anonymous Symbol]
    main.o(.text.SysTick_Handler) refers to main.o(.bss.milliseconds) for milliseconds
    main.o(.ARM.exidx.text.SysTick_Handler) refers to main.o(.text.SysTick_Handler) for [Anonymous Symbol]
    main.o(.text.playNote) refers to aeabi_sdivfast.o(.text_divfast) for __aeabi_uidiv
    main.o(.text.playNote) refers to main.o(.bss.milliseconds) for milliseconds
    main.o(.ARM.exidx.text.playNote) refers to main.o(.text.playNote) for [Anonymous Symbol]
    main.o(.ARM.exidx.text.DownPressed) refers to main.o(.text.DownPressed) for [Anonymous Symbol]
    main.o(.text.hideBall) refers to display.o(.text.fillRectangle) for fillRectangle
    main.o(.text.hideBall) refers to main.o(.bss.ball_y) for ball_y
    main.o(.text.hideBall) refers to main.o(.bss.ball_x) for ball_x
    main.o(.ARM.exidx.text.hideBall) refers to main.o(.text.hideBall) for [Anonymous Symbol]
    main.o(.text.hideBat) refers to display.o(.text.fillRectangle) for fillRectangle
    main.o(.text.hideBat) refers to main.o(.bss.bat_y) for bat_y
    main.o(.text.hideBat) refers to main.o(.bss.bat_x) for bat_x
    main.o(.ARM.exidx.text.hideBat) refers to main.o(.text.hideBat) for [Anonymous Symbol]
    display.o(.text.display_begin) refers to display.o(.text.initSPI) for initSPI
    display.o(.text.display_begin) refers to display.o(.text.CSHigh) for CSHigh
    display.o(.text.display_begin) refers to display.o(.text.ResetHigh) for ResetHigh
    display.o(.text.display_begin) refers to main.o(.text.delay) for delay
    display.o(.text.display_begin) refers to display.o(.text.ResetLow) for ResetLow
    display.o(.text.display_begin) refers to display.o(.text.CSLow) for CSLow
    display.o(.text.display_begin) refers to display.o(.text.command) for command
    display.o(.text.display_begin) refers to display.o(.text.data) for data
    display.o(.text.display_begin) refers to display.o(.text.fillRectangle) for fillRectangle
    display.o(.ARM.exidx.text.display_begin) refers to display.o(.text.display_begin) for [Anonymous Symbol]
    display.o(.text.initSPI) refers to display.o(.text.transferSPI8) for transferSPI8
    display.o(.ARM.exidx.text.initSPI) refers to display.o(.text.initSPI) for [Anonymous Symbol]
    display.o(.ARM.exidx.text.CSHigh) refers to display.o(.text.CSHigh) for [Anonymous Symbol]
    display.o(.ARM.exidx.text.ResetHigh) refers to display.o(.text.ResetHigh) for [Anonymous Symbol]
    display.o(.ARM.exidx.text.ResetLow) refers to display.o(.text.ResetLow) for [Anonymous Symbol]
    display.o(.ARM.exidx.text.CSLow) refers to display.o(.text.CSLow) for [Anonymous Symbol]
    display.o(.text.command) refers to display.o(.text.DCLow) for DCLow
    display.o(.text.command) refers to display.o(.text.transferSPI8) for transferSPI8
    display.o(.ARM.exidx.text.command) refers to display.o(.text.command) for [Anonymous Symbol]
    display.o(.text.data) refers to display.o(.text.DCHigh) for DCHigh
    display.o(.text.data) refers to display.o(.text.transferSPI8) for transferSPI8
    display.o(.ARM.exidx.text.data) refers to display.o(.text.data) for [Anonymous Symbol]
    display.o(.text.fillRectangle) refers to display.o(.text.openAperture) for openAperture
    display.o(.text.fillRectangle) refers to display.o(.text.DCHigh) for DCHigh
    display.o(.text.fillRectangle) refers to display.o(.text.transferSPI16) for transferSPI16
    display.o(.ARM.exidx.text.fillRectangle) refers to display.o(.text.fillRectangle) for [Anonymous Symbol]
    display.o(.text.openAperture) refers to display.o(.text.command) for command
    display.o(.text.openAperture) refers to display.o(.text.data) for data
    display.o(.ARM.exidx.text.openAperture) refers to display.o(.text.openAperture) for [Anonymous Symbol]
    display.o(.ARM.exidx.text.DCHigh) refers to display.o(.text.DCHigh) for [Anonymous Symbol]
    display.o(.ARM.exidx.text.transferSPI16) refers to display.o(.text.transferSPI16) for [Anonymous Symbol]
    display.o(.text.putPixel) refers to display.o(.text.openAperture) for openAperture
    display.o(.text.putPixel) refers to display.o(.text.DCHigh) for DCHigh
    display.o(.text.putPixel) refers to display.o(.text.transferSPI16) for transferSPI16
    display.o(.ARM.exidx.text.putPixel) refers to display.o(.text.putPixel) for [Anonymous Symbol]
    display.o(.text.putImage) refers to display.o(.text.openAperture) for openAperture
    display.o(.text.putImage) refers to display.o(.text.DCHigh) for DCHigh
    display.o(.text.putImage) refers to display.o(.text.transferSPI16) for transferSPI16
    display.o(.ARM.exidx.text.putImage) refers to display.o(.text.putImage) for [Anonymous Symbol]
    display.o(.text.drawLine) refers to display.o(.text.iabs) for iabs
    display.o(.text.drawLine) refers to display.o(.text.drawLineLowSlope) for drawLineLowSlope
    display.o(.text.drawLine) refers to display.o(.text.drawLineHighSlope) for drawLineHighSlope
    display.o(.ARM.exidx.text.drawLine) refers to display.o(.text.drawLine) for [Anonymous Symbol]
    display.o(.ARM.exidx.text.iabs) refers to display.o(.text.iabs) for [Anonymous Symbol]
    display.o(.text.drawLineLowSlope) refers to display.o(.text.putPixel) for putPixel
    display.o(.ARM.exidx.text.drawLineLowSlope) refers to display.o(.text.drawLineLowSlope) for [Anonymous Symbol]
    display.o(.text.drawLineHighSlope) refers to display.o(.text.putPixel) for putPixel
    display.o(.ARM.exidx.text.drawLineHighSlope) refers to display.o(.text.drawLineHighSlope) for [Anonymous Symbol]
    display.o(.text.drawRectangle) refers to display.o(.text.drawLine) for drawLine
    display.o(.ARM.exidx.text.drawRectangle) refers to display.o(.text.drawRectangle) for [Anonymous Symbol]
    display.o(.text.drawCircle) refers to display.o(.text.putPixel) for putPixel
    display.o(.ARM.exidx.text.drawCircle) refers to display.o(.text.drawCircle) for [Anonymous Symbol]
    display.o(.text.fillCircle) refers to display.o(.text.drawLine) for drawLine
    display.o(.ARM.exidx.text.fillCircle) refers to display.o(.text.fillCircle) for [Anonymous Symbol]
    display.o(.text.printText) refers to display.o(.text.mystrlen) for mystrlen
    display.o(.text.printText) refers to display.o(.text.putImage) for putImage
    display.o(.text.printText) refers to display.o(.rodata.Font5x7) for Font5x7
    display.o(.ARM.exidx.text.printText) refers to display.o(.text.printText) for [Anonymous Symbol]
    display.o(.ARM.exidx.text.mystrlen) refers to display.o(.text.mystrlen) for [Anonymous Symbol]
    display.o(.text.printTextX2) refers to display.o(.text.mystrlen) for mystrlen
    display.o(.text.printTextX2) refers to display.o(.text.putImage) for putImage
    display.o(.text.printTextX2) refers to display.o(.rodata.Font5x7) for Font5x7
    display.o(.ARM.exidx.text.printTextX2) refers to display.o(.text.printTextX2) for [Anonymous Symbol]
    display.o(.text.printNumber) refers to aeabi_sdivfast.o(.text_divfast) for __aeabi_uidiv
    display.o(.text.printNumber) refers to display.o(.text.printText) for printText
    display.o(.ARM.exidx.text.printNumber) refers to display.o(.text.printNumber) for [Anonymous Symbol]
    display.o(.text.printNumberX2) refers to aeabi_sdivfast.o(.text_divfast) for __aeabi_uidiv
    display.o(.text.printNumberX2) refers to aeabi_sdivfast.o(.text) for __aeabi_uidivmod
    display.o(.text.printNumberX2) refers to display.o(.text.printTextX2) for printTextX2
    display.o(.ARM.exidx.text.printNumberX2) refers to display.o(.text.printNumberX2) for [Anonymous Symbol]
    display.o(.ARM.exidx.text.RGBToWord) refers to display.o(.text.RGBToWord) for [Anonymous Symbol]
    display.o(.text.clear) refers to display.o(.text.fillRectangle) for fillRectangle
    display.o(.ARM.exidx.text.clear) refers to display.o(.text.clear) for [Anonymous Symbol]
    display.o(.text.invertDisplay) refers to display.o(.text.command) for command
    display.o(.text.invertDisplay) refers to display.o(.text.data) for data
    display.o(.text.invertDisplay) refers to display.o(.text.CSHigh) for CSHigh
    display.o(.text.invertDisplay) refers to main.o(.text.delay) for delay
    display.o(.text.invertDisplay) refers to display.o(.text.CSLow) for CSLow
    display.o(.ARM.exidx.text.invertDisplay) refers to display.o(.text.invertDisplay) for [Anonymous Symbol]
    display.o(.ARM.exidx.text.transferSPI8) refers to display.o(.text.transferSPI8) for [Anonymous Symbol]
    display.o(.ARM.exidx.text.DCLow) refers to display.o(.text.DCLow) for [Anonymous Symbol]
    startup_stm32f031x6.o(STACK) refers (Special) to heapauxi.o(.text) for __use_two_region_memory
    startup_stm32f031x6.o(HEAP) refers (Special) to heapauxi.o(.text) for __use_two_region_memory
    startup_stm32f031x6.o(RESET) refers (Special) to heapauxi.o(.text) for __use_two_region_memory
    startup_stm32f031x6.o(RESET) refers to startup_stm32f031x6.o(STACK) for __initial_sp
    startup_stm32f031x6.o(RESET) refers to startup_stm32f031x6.o(.text) for Reset_Handler
    startup_stm32f031x6.o(RESET) refers to main.o(.text.SysTick_Handler) for SysTick_Handler
    startup_stm32f031x6.o(.text) refers (Special) to heapauxi.o(.text) for __use_two_region_memory
    startup_stm32f031x6.o(.text) refers to system_stm32f0xx.o(.text.SystemInit) for SystemInit
    startup_stm32f031x6.o(.text) refers to __main.o(!!!main) for __main
    startup_stm32f031x6.o(.text) refers to startup_stm32f031x6.o(HEAP) for Heap_Mem
    startup_stm32f031x6.o(.text) refers to startup_stm32f031x6.o(STACK) for Stack_Mem
    system_stm32f0xx.o(.ARM.exidx.text.SystemInit) refers to system_stm32f0xx.o(.text.SystemInit) for [Anonymous Symbol]
    system_stm32f0xx.o(.text.SystemCoreClockUpdate) refers to aeabi_sdivfast.o(.text_divfast) for __aeabi_uidiv
    system_stm32f0xx.o(.text.SystemCoreClockUpdate) refers to system_stm32f0xx.o(.data.SystemCoreClock) for SystemCoreClock
    system_stm32f0xx.o(.text.SystemCoreClockUpdate) refers to system_stm32f0xx.o(.rodata.AHBPrescTable) for AHBPrescTable
    system_stm32f0xx.o(.ARM.exidx.text.SystemCoreClockUpdate) refers to system_stm32f0xx.o(.text.SystemCoreClockUpdate) for [Anonymous Symbol]
    __main.o(!!!main) refers to __rtentry.o(.ARM.Collect$$rtentry$$00000000) for __rt_entry
    __rtentry.o(.ARM.Collect$$rtentry$$00000000) refers (Special) to __rtentry2.o(.ARM.Collect$$rtentry$$0000000A) for __rt_entry_li
    __rtentry.o(.ARM.Collect$$rtentry$$00000000) refers (Special) to __rtentry2.o(.ARM.Collect$$rtentry$$0000000D) for __rt_entry_main
    __rtentry.o(.ARM.Collect$$rtentry$$00000000) refers (Special) to __rtentry2.o(.ARM.Collect$$rtentry$$0000000C) for __rt_entry_postli_1
    __rtentry.o(.ARM.Collect$$rtentry$$00000000) refers (Special) to __rtentry2.o(.ARM.Collect$$rtentry$$00000009) for __rt_entry_postsh_1
    __rtentry.o(.ARM.Collect$$rtentry$$00000000) refers (Special) to __rtentry2.o(.ARM.Collect$$rtentry$$00000002) for __rt_entry_presh_1
    __rtentry.o(.ARM.Collect$$rtentry$$00000000) refers (Special) to __rtentry4.o(.ARM.Collect$$rtentry$$00000004) for __rt_entry_sh
    aeabi_idiv0_sigfpe.o(.text) refers to rt_div0.o(.text) for __rt_div0
    __rtentry2.o(.ARM.Collect$$rtentry$$00000008) refers to boardinit2.o(.text) for _platform_post_stackheap_init
    __rtentry2.o(.ARM.Collect$$rtentry$$0000000A) refers to libinit.o(.ARM.Collect$$libinit$$00000000) for __rt_lib_init
    __rtentry2.o(.ARM.Collect$$rtentry$$0000000B) refers to boardinit3.o(.text) for _platform_post_lib_init
    __rtentry2.o(.ARM.Collect$$rtentry$$0000000D) refers to main.o(.text.main) for main
    __rtentry2.o(.ARM.Collect$$rtentry$$0000000D) refers to exit.o(.text) for exit
    __rtentry2.o(.ARM.exidx) refers to __rtentry2.o(.ARM.Collect$$rtentry$$00000001) for .ARM.Collect$$rtentry$$00000001
    __rtentry2.o(.ARM.exidx) refers to __rtentry2.o(.ARM.Collect$$rtentry$$00000008) for .ARM.Collect$$rtentry$$00000008
    __rtentry2.o(.ARM.exidx) refers to __rtentry2.o(.ARM.Collect$$rtentry$$0000000A) for .ARM.Collect$$rtentry$$0000000A
    __rtentry2.o(.ARM.exidx) refers to __rtentry2.o(.ARM.Collect$$rtentry$$0000000B) for .ARM.Collect$$rtentry$$0000000B
    __rtentry2.o(.ARM.exidx) refers to __rtentry2.o(.ARM.Collect$$rtentry$$0000000D) for .ARM.Collect$$rtentry$$0000000D
    __rtentry4.o(.ARM.Collect$$rtentry$$00000004) refers to sys_stackheap_outer.o(.text) for __user_setup_stackheap
    __rtentry4.o(.ARM.exidx) refers to __rtentry4.o(.ARM.Collect$$rtentry$$00000004) for .ARM.Collect$$rtentry$$00000004
    rt_div0.o(.text) refers to defsig_fpe_outer.o(.text) for __rt_SIGFPE
    sys_stackheap_outer.o(.text) refers to libspace.o(.text) for __user_perproc_libspace
    sys_stackheap_outer.o(.text) refers to startup_stm32f031x6.o(.text) for __user_initial_stackheap
    sys_stackheap_outer.o(__vectab_stack_and_reset_area) refers to tempstk.o(.text) for __temporary_stack_top
    sys_stackheap_outer.o(__vectab_stack_and_reset_area) refers to __main.o(!!!main) for __main
    exit.o(.text) refers to rtexit.o(.ARM.Collect$$rtexit$$00000000) for __rt_exit
    defsig_fpe_outer.o(.text) refers to defsig_fpe_inner.o(.text) for __rt_SIGFPE_inner
    defsig_fpe_outer.o(.text) refers to defsig_exit.o(.text) for __sig_exit
    defsig_fpe_formal.o(.text) refers to rt_raise.o(.text) for __rt_raise
    libinit.o(.ARM.Collect$$libinit$$00000000) refers (Special) to libinit2.o(.ARM.Collect$$libinit$$0000002E) for __rt_lib_init_alloca_1
    libinit.o(.ARM.Collect$$libinit$$00000000) refers (Special) to libinit2.o(.ARM.Collect$$libinit$$0000002C) for __rt_lib_init_argv_1
    libinit.o(.ARM.Collect$$libinit$$00000000) refers (Special) to libinit2.o(.ARM.Collect$$libinit$$0000001B) for __rt_lib_init_atexit_1
    libinit.o(.ARM.Collect$$libinit$$00000000) refers (Special) to libinit2.o(.ARM.Collect$$libinit$$00000021) for __rt_lib_init_clock_1
    libinit.o(.ARM.Collect$$libinit$$00000000) refers (Special) to libinit2.o(.ARM.Collect$$libinit$$00000032) for __rt_lib_init_cpp_1
    libinit.o(.ARM.Collect$$libinit$$00000000) refers (Special) to libinit2.o(.ARM.Collect$$libinit$$00000030) for __rt_lib_init_exceptions_1
    libinit.o(.ARM.Collect$$libinit$$00000000) refers (Special) to libinit2.o(.ARM.Collect$$libinit$$00000002) for __rt_lib_init_fp_1
    libinit.o(.ARM.Collect$$libinit$$00000000) refers (Special) to libinit2.o(.ARM.Collect$$libinit$$0000001F) for __rt_lib_init_fp_trap_1
    libinit.o(.ARM.Collect$$libinit$$00000000) refers (Special) to libinit2.o(.ARM.Collect$$libinit$$00000023) for __rt_lib_init_getenv_1
    libinit.o(.ARM.Collect$$libinit$$00000000) refers (Special) to libinit2.o(.ARM.Collect$$libinit$$0000000A) for __rt_lib_init_heap_1
    libinit.o(.ARM.Collect$$libinit$$00000000) refers (Special) to libinit2.o(.ARM.Collect$$libinit$$00000011) for __rt_lib_init_lc_collate_1
    libinit.o(.ARM.Collect$$libinit$$00000000) refers (Special) to libinit2.o(.ARM.Collect$$libinit$$00000013) for __rt_lib_init_lc_ctype_1
    libinit.o(.ARM.Collect$$libinit$$00000000) refers (Special) to libinit2.o(.ARM.Collect$$libinit$$00000015) for __rt_lib_init_lc_monetary_1
    libinit.o(.ARM.Collect$$libinit$$00000000) refers (Special) to libinit2.o(.ARM.Collect$$libinit$$00000017) for __rt_lib_init_lc_numeric_1
    libinit.o(.ARM.Collect$$libinit$$00000000) refers (Special) to libinit2.o(.ARM.Collect$$libinit$$00000019) for __rt_lib_init_lc_time_1
    libinit.o(.ARM.Collect$$libinit$$00000000) refers (Special) to libinit2.o(.ARM.Collect$$libinit$$00000004) for __rt_lib_init_preinit_1
    libinit.o(.ARM.Collect$$libinit$$00000000) refers (Special) to libinit2.o(.ARM.Collect$$libinit$$0000000E) for __rt_lib_init_rand_1
    libinit.o(.ARM.Collect$$libinit$$00000000) refers (Special) to libinit2.o(.ARM.Collect$$libinit$$00000033) for __rt_lib_init_return
    libinit.o(.ARM.Collect$$libinit$$00000000) refers (Special) to libinit2.o(.ARM.Collect$$libinit$$0000001D) for __rt_lib_init_signal_1
    libinit.o(.ARM.Collect$$libinit$$00000000) refers (Special) to libinit2.o(.ARM.Collect$$libinit$$00000025) for __rt_lib_init_stdio_1
    libinit.o(.ARM.Collect$$libinit$$00000000) refers (Special) to libinit2.o(.ARM.Collect$$libinit$$0000000C) for __rt_lib_init_user_alloc_1
    libspace.o(.text) refers to libspace.o(.bss) for __libspace_start
    rtexit.o(.ARM.Collect$$rtexit$$00000000) refers (Special) to rtexit2.o(.ARM.Collect$$rtexit$$00000004) for __rt_exit_exit
    rtexit.o(.ARM.Collect$$rtexit$$00000000) refers (Special) to rtexit2.o(.ARM.Collect$$rtexit$$00000003) for __rt_exit_ls
    rtexit.o(.ARM.Collect$$rtexit$$00000000) refers (Special) to rtexit2.o(.ARM.Collect$$rtexit$$00000002) for __rt_exit_prels_1
    rtexit.o(.ARM.exidx) refers (Special) to rtexit2.o(.ARM.Collect$$rtexit$$00000004) for __rt_exit_exit
    rtexit.o(.ARM.exidx) refers (Special) to rtexit2.o(.ARM.Collect$$rtexit$$00000003) for __rt_exit_ls
    rtexit.o(.ARM.exidx) refers (Special) to rtexit2.o(.ARM.Collect$$rtexit$$00000002) for __rt_exit_prels_1
    rtexit.o(.ARM.exidx) refers to rtexit.o(.ARM.Collect$$rtexit$$00000000) for .ARM.Collect$$rtexit$$00000000
    rt_raise.o(.text) refers to __raise.o(.text) for __raise
    rt_raise.o(.text) refers to sys_exit.o(.text) for _sys_exit
    defsig_exit.o(.text) refers to sys_exit.o(.text) for _sys_exit
    defsig_fpe_inner.o(.text) refers to defsig_general.o(.text) for __default_signal_display
    libinit2.o(.ARM.Collect$$libinit$$00000010) refers to libinit2.o(.ARM.Collect$$libinit$$0000000F) for .ARM.Collect$$libinit$$0000000F
    libinit2.o(.ARM.Collect$$libinit$$00000012) refers to libinit2.o(.ARM.Collect$$libinit$$0000000F) for .ARM.Collect$$libinit$$0000000F
    libinit2.o(.ARM.Collect$$libinit$$00000014) refers to libinit2.o(.ARM.Collect$$libinit$$0000000F) for .ARM.Collect$$libinit$$0000000F
    libinit2.o(.ARM.Collect$$libinit$$00000016) refers to libinit2.o(.ARM.Collect$$libinit$$0000000F) for .ARM.Collect$$libinit$$0000000F
    libinit2.o(.ARM.Collect$$libinit$$00000018) refers to libinit2.o(.ARM.Collect$$libinit$$0000000F) for .ARM.Collect$$libinit$$0000000F
    libinit2.o(.ARM.Collect$$libinit$$00000026) refers to argv_veneer.o(.text) for __ARM_argv_veneer
    libinit2.o(.ARM.Collect$$libinit$$00000027) refers to argv_veneer.o(.text) for __ARM_argv_veneer
    sys_exit.o(.text) refers (Special) to use_no_semi.o(.text) for __I$use$semihosting
    sys_exit.o(.text) refers (Special) to indicate_semi.o(.text) for __semihosting_library_function
    sys_exit_hlt.o(.text) refers (Special) to use_no_semi.o(.text) for __I$use$semihosting
    sys_exit_hlt.o(.text) refers (Special) to indicate_semi.o(.text) for __semihosting_library_function
    rtexit2.o(.ARM.Collect$$rtexit$$00000003) refers to libshutdown.o(.ARM.Collect$$libshutdown$$00000000) for __rt_lib_shutdown
    rtexit2.o(.ARM.Collect$$rtexit$$00000004) refers to sys_exit.o(.text) for _sys_exit
    rtexit2.o(.ARM.exidx) refers to rtexit2.o(.ARM.Collect$$rtexit$$00000001) for .ARM.Collect$$rtexit$$00000001
    rtexit2.o(.ARM.exidx) refers to rtexit2.o(.ARM.Collect$$rtexit$$00000003) for .ARM.Collect$$rtexit$$00000003
    rtexit2.o(.ARM.exidx) refers to rtexit2.o(.ARM.Collect$$rtexit$$00000004) for .ARM.Collect$$rtexit$$00000004
    __raise.o(.text) refers to defsig.o(CL$$defsig) for __default_signal_handler
    defsig_general.o(.text) refers to sys_wrch.o(.text) for _ttywrch
    sys_wrch.o(.text) refers (Special) to use_no_semi.o(.text) for __I$use$semihosting
    sys_wrch.o(.text) refers (Special) to indicate_semi.o(.text) for __semihosting_library_function
    sys_wrch_hlt.o(.text) refers (Special) to use_no_semi.o(.text) for __I$use$semihosting
    sys_wrch_hlt.o(.text) refers (Special) to indicate_semi.o(.text) for __semihosting_library_function
    defsig.o(CL$$defsig) refers to defsig_fpe_inner.o(.text) for __rt_SIGFPE_inner
    defsig.o(CL$$defsig) refers to defsig_rtmem_inner.o(.text) for __rt_SIGRTMEM_inner
    _get_argv_nomalloc.o(.text) refers (Special) to hrguard.o(.text) for __heap_region$guard
    _get_argv_nomalloc.o(.text) refers to defsig_rtmem_outer.o(.text) for __rt_SIGRTMEM
    _get_argv_nomalloc.o(.text) refers to sys_command.o(.text) for _sys_command_string
    libshutdown.o(.ARM.Collect$$libshutdown$$00000000) refers (Special) to libshutdown2.o(.ARM.Collect$$libshutdown$$00000002) for __rt_lib_shutdown_cpp_1
    libshutdown.o(.ARM.Collect$$libshutdown$$00000000) refers (Special) to libshutdown2.o(.ARM.Collect$$libshutdown$$00000007) for __rt_lib_shutdown_fp_trap_1
    libshutdown.o(.ARM.Collect$$libshutdown$$00000000) refers (Special) to libshutdown2.o(.ARM.Collect$$libshutdown$$0000000F) for __rt_lib_shutdown_heap_1
    libshutdown.o(.ARM.Collect$$libshutdown$$00000000) refers (Special) to libshutdown2.o(.ARM.Collect$$libshutdown$$00000010) for __rt_lib_shutdown_return
    libshutdown.o(.ARM.Collect$$libshutdown$$00000000) refers (Special) to libshutdown2.o(.ARM.Collect$$libshutdown$$0000000A) for __rt_lib_shutdown_signal_1
    libshutdown.o(.ARM.Collect$$libshutdown$$00000000) refers (Special) to libshutdown2.o(.ARM.Collect$$libshutdown$$00000004) for __rt_lib_shutdown_stdio_1
    libshutdown.o(.ARM.Collect$$libshutdown$$00000000) refers (Special) to libshutdown2.o(.ARM.Collect$$libshutdown$$0000000C) for __rt_lib_shutdown_user_alloc_1
    sys_command.o(.text) refers (Special) to use_no_semi.o(.text) for __I$use$semihosting
    sys_command.o(.text) refers (Special) to indicate_semi.o(.text) for __semihosting_library_function
    sys_command_hlt.o(.text) refers (Special) to use_no_semi.o(.text) for __I$use$semihosting
    sys_command_hlt.o(.text) refers (Special) to indicate_semi.o(.text) for __semihosting_library_function
    defsig_abrt_inner.o(.text) refers to defsig_general.o(.text) for __default_signal_display
    defsig_rtred_inner.o(.text) refers to defsig_general.o(.text) for __default_signal_display
    defsig_rtmem_inner.o(.text) refers to defsig_general.o(.text) for __default_signal_display
    defsig_rtmem_outer.o(.text) refers to defsig_rtmem_inner.o(.text) for __rt_SIGRTMEM_inner
    defsig_rtmem_outer.o(.text) refers to defsig_exit.o(.text) for __sig_exit
    defsig_rtmem_formal.o(.text) refers to rt_raise.o(.text) for __rt_raise
    defsig_stak_inner.o(.text) refers to defsig_general.o(.text) for __default_signal_display
    defsig_pvfn_inner.o(.text) refers to defsig_general.o(.text) for __default_signal_display
    defsig_cppl_inner.o(.text) refers to defsig_general.o(.text) for __default_signal_display
    defsig_segv_inner.o(.text) refers to defsig_general.o(.text) for __default_signal_display
    defsig_other.o(.text) refers to defsig_general.o(.text) for __default_signal_display


==============================================================================

Removing Unused input sections from the image.

    Removing main.o(.text), (0 bytes).
    Removing main.o(.ARM.exidx.text.main), (8 bytes).
    Removing main.o(.ARM.exidx.text.initClock), (8 bytes).
    Removing main.o(.ARM.exidx.text.initSysTick), (8 bytes).
    Removing main.o(.ARM.exidx.text.initTimer), (8 bytes).
    Removing main.o(.ARM.exidx.text.pinMode), (8 bytes).
    Removing main.o(.ARM.exidx.text.enablePullUp), (8 bytes).
    Removing main.o(.ARM.exidx.text.playBrici), (8 bytes).
    Removing main.o(.ARM.exidx.text.LeftPressed), (8 bytes).
    Removing main.o(.ARM.exidx.text.randomize), (8 bytes).
    Removing main.o(.ARM.exidx.text.random), (8 bytes).
    Removing main.o(.ARM.exidx.text.moveBall), (8 bytes).
    Removing main.o(.ARM.exidx.text.showBlock), (8 bytes).
    Removing main.o(.ARM.exidx.text.showBall), (8 bytes).
    Removing main.o(.ARM.exidx.text.showBat), (8 bytes).
    Removing main.o(.ARM.exidx.text.RightPressed), (8 bytes).
    Removing main.o(.ARM.exidx.text.moveBat), (8 bytes).
    Removing main.o(.text.UpPressed), (4 bytes).
    Removing main.o(.ARM.exidx.text.UpPressed), (8 bytes).
    Removing main.o(.ARM.exidx.text.blockTouching), (8 bytes).
    Removing main.o(.ARM.exidx.text.hideBlock), (8 bytes).
    Removing main.o(.ARM.exidx.text.delay), (8 bytes).
    Removing main.o(.ARM.exidx.text.SysTick_Handler), (8 bytes).
    Removing main.o(.text.playNote), (100 bytes).
    Removing main.o(.ARM.exidx.text.playNote), (8 bytes).
    Removing main.o(.text.DownPressed), (4 bytes).
    Removing main.o(.ARM.exidx.text.DownPressed), (8 bytes).
    Removing main.o(.ARM.exidx.text.hideBall), (8 bytes).
    Removing main.o(.ARM.exidx.text.hideBat), (8 bytes).
    Removing main.o(.ARM.use_no_argv), (4 bytes).
    Removing display.o(.text), (0 bytes).
    Removing display.o(.ARM.exidx.text.display_begin), (8 bytes).
    Removing display.o(.ARM.exidx.text.initSPI), (8 bytes).
    Removing display.o(.ARM.exidx.text.CSHigh), (8 bytes).
    Removing display.o(.ARM.exidx.text.ResetHigh), (8 bytes).
    Removing display.o(.ARM.exidx.text.ResetLow), (8 bytes).
    Removing display.o(.ARM.exidx.text.CSLow), (8 bytes).
    Removing display.o(.ARM.exidx.text.command), (8 bytes).
    Removing display.o(.ARM.exidx.text.data), (8 bytes).
    Removing display.o(.ARM.exidx.text.fillRectangle), (8 bytes).
    Removing display.o(.ARM.exidx.text.openAperture), (8 bytes).
    Removing display.o(.ARM.exidx.text.DCHigh), (8 bytes).
    Removing display.o(.ARM.exidx.text.transferSPI16), (8 bytes).
    Removing display.o(.text.putPixel), (28 bytes).
    Removing display.o(.ARM.exidx.text.putPixel), (8 bytes).
    Removing display.o(.ARM.exidx.text.putImage), (8 bytes).
    Removing display.o(.text.drawLine), (102 bytes).
    Removing display.o(.ARM.exidx.text.drawLine), (8 bytes).
    Removing display.o(.text.iabs), (8 bytes).
    Removing display.o(.ARM.exidx.text.iabs), (8 bytes).
    Removing display.o(.text.drawLineLowSlope), (102 bytes).
    Removing display.o(.ARM.exidx.text.drawLineLowSlope), (8 bytes).
    Removing display.o(.text.drawLineHighSlope), (102 bytes).
    Removing display.o(.ARM.exidx.text.drawLineHighSlope), (8 bytes).
    Removing display.o(.text.drawRectangle), (86 bytes).
    Removing display.o(.ARM.exidx.text.drawRectangle), (8 bytes).
    Removing display.o(.text.drawCircle), (282 bytes).
    Removing display.o(.ARM.exidx.text.drawCircle), (8 bytes).
    Removing display.o(.text.fillCircle), (242 bytes).
    Removing display.o(.ARM.exidx.text.fillCircle), (8 bytes).
    Removing display.o(.ARM.exidx.text.printText), (8 bytes).
    Removing display.o(.ARM.exidx.text.mystrlen), (8 bytes).
    Removing display.o(.text.printTextX2), (156 bytes).
    Removing display.o(.ARM.exidx.text.printTextX2), (8 bytes).
    Removing display.o(.ARM.exidx.text.printNumber), (8 bytes).
    Removing display.o(.text.printNumberX2), (128 bytes).
    Removing display.o(.ARM.exidx.text.printNumberX2), (8 bytes).
    Removing display.o(.ARM.exidx.text.RGBToWord), (8 bytes).
    Removing display.o(.text.clear), (22 bytes).
    Removing display.o(.ARM.exidx.text.clear), (8 bytes).
    Removing display.o(.text.invertDisplay), (38 bytes).
    Removing display.o(.ARM.exidx.text.invertDisplay), (8 bytes).
    Removing display.o(.ARM.exidx.text.transferSPI8), (8 bytes).
    Removing display.o(.ARM.exidx.text.DCLow), (8 bytes).
    Removing system_stm32f0xx.o(.text), (0 bytes).
    Removing system_stm32f0xx.o(.ARM.exidx.text.SystemInit), (8 bytes).
    Removing system_stm32f0xx.o(.text.SystemCoreClockUpdate), (96 bytes).
    Removing system_stm32f0xx.o(.ARM.exidx.text.SystemCoreClockUpdate), (8 bytes).
    Removing system_stm32f0xx.o(.data.SystemCoreClock), (4 bytes).
    Removing system_stm32f0xx.o(.rodata.AHBPrescTable), (16 bytes).
    Removing system_stm32f0xx.o(.rodata.APBPrescTable), (8 bytes).

81 unused section(s) (total 1996 bytes) removed from the image.

==============================================================================

Image Symbol Table

    Local Symbols

    Symbol Name                              Value     Ov Type        Size  Object(Section)

    ../clib/angel/boardlib.s                 0x00000000   Number         0  boardinit1.o ABSOLUTE
    ../clib/angel/boardlib.s                 0x00000000   Number         0  boardinit2.o ABSOLUTE
    ../clib/angel/boardlib.s                 0x00000000   Number         0  boardinit3.o ABSOLUTE
    ../clib/angel/boardlib.s                 0x00000000   Number         0  boardshut.o ABSOLUTE
    ../clib/angel/handlers.s                 0x00000000   Number         0  __scatter_copy.o ABSOLUTE
    ../clib/angel/handlers.s                 0x00000000   Number         0  __scatter_zi.o ABSOLUTE
    ../clib/angel/kernel.s                   0x00000000   Number         0  __rtentry.o ABSOLUTE
    ../clib/angel/kernel.s                   0x00000000   Number         0  __rtentry2.o ABSOLUTE
    ../clib/angel/kernel.s                   0x00000000   Number         0  __rtentry4.o ABSOLUTE
    ../clib/angel/kernel.s                   0x00000000   Number         0  rtexit.o ABSOLUTE
    ../clib/angel/kernel.s                   0x00000000   Number         0  rtexit2.o ABSOLUTE
    ../clib/angel/rt.s                       0x00000000   Number         0  aeabi_idiv0.o ABSOLUTE
    ../clib/angel/rt.s                       0x00000000   Number         0  aeabi_idiv0_sigfpe.o ABSOLUTE
    ../clib/angel/rt.s                       0x00000000   Number         0  rt_div0.o ABSOLUTE
    ../clib/angel/rt.s                       0x00000000   Number         0  rt_raise.o ABSOLUTE
    ../clib/angel/scatterp.s                 0x00000000   Number         0  __scatter.o ABSOLUTE
    ../clib/angel/startup.s                  0x00000000   Number         0  __main.o ABSOLUTE
    ../clib/angel/sys.s                      0x00000000   Number         0  sys_stackheap_outer.o ABSOLUTE
    ../clib/angel/sys.s                      0x00000000   Number         0  libspace.o ABSOLUTE
    ../clib/angel/sys.s                      0x00000000   Number         0  tempstk.o ABSOLUTE
    ../clib/angel/sys.s                      0x00000000   Number         0  use_no_semi.o ABSOLUTE
    ../clib/angel/sys.s                      0x00000000   Number         0  indicate_semi.o ABSOLUTE
    ../clib/angel/sysapp.c                   0x00000000   Number         0  sys_exit.o ABSOLUTE
    ../clib/angel/sysapp.c                   0x00000000   Number         0  sys_exit_hlt.o ABSOLUTE
    ../clib/angel/sysapp.c                   0x00000000   Number         0  sys_wrch.o ABSOLUTE
    ../clib/angel/sysapp.c                   0x00000000   Number         0  sys_wrch_hlt.o ABSOLUTE
    ../clib/angel/sysapp.c                   0x00000000   Number         0  sys_command.o ABSOLUTE
    ../clib/angel/sysapp.c                   0x00000000   Number         0  sys_command_hlt.o ABSOLUTE
    ../clib/armsys.c                         0x00000000   Number         0  argv_veneer.o ABSOLUTE
    ../clib/armsys.c                         0x00000000   Number         0  _get_argv_nomalloc.o ABSOLUTE
    ../clib/armsys.c                         0x00000000   Number         0  no_argv.o ABSOLUTE
    ../clib/division.s                       0x00000000   Number         0  aeabi_sdivfast.o ABSOLUTE
    ../clib/division.s                       0x00000000   Number         0  aeabi_sdivfast_div0.o ABSOLUTE
    ../clib/heapalloc.c                      0x00000000   Number         0  hrguard.o ABSOLUTE
    ../clib/heapaux.c                        0x00000000   Number         0  heapauxi.o ABSOLUTE
    ../clib/libinit.s                        0x00000000   Number         0  libinit.o ABSOLUTE
    ../clib/libinit.s                        0x00000000   Number         0  libinit2.o ABSOLUTE
    ../clib/libinit.s                        0x00000000   Number         0  libshutdown.o ABSOLUTE
    ../clib/libinit.s                        0x00000000   Number         0  libshutdown2.o ABSOLUTE
    ../clib/signal.c                         0x00000000   Number         0  defsig_fpe_outer.o ABSOLUTE
    ../clib/signal.c                         0x00000000   Number         0  defsig_fpe_formal.o ABSOLUTE
    ../clib/signal.c                         0x00000000   Number         0  defsig_exit.o ABSOLUTE
    ../clib/signal.c                         0x00000000   Number         0  defsig_fpe_inner.o ABSOLUTE
    ../clib/signal.c                         0x00000000   Number         0  __raise.o ABSOLUTE
    ../clib/signal.c                         0x00000000   Number         0  defsig_general.o ABSOLUTE
    ../clib/signal.c                         0x00000000   Number         0  defsig_abrt_inner.o ABSOLUTE
    ../clib/signal.c                         0x00000000   Number         0  defsig_rtred_inner.o ABSOLUTE
    ../clib/signal.c                         0x00000000   Number         0  defsig_rtmem_inner.o ABSOLUTE
    ../clib/signal.c                         0x00000000   Number         0  defsig_rtmem_outer.o ABSOLUTE
    ../clib/signal.c                         0x00000000   Number         0  defsig_rtmem_formal.o ABSOLUTE
    ../clib/signal.c                         0x00000000   Number         0  defsig_stak_inner.o ABSOLUTE
    ../clib/signal.c                         0x00000000   Number         0  defsig_pvfn_inner.o ABSOLUTE
    ../clib/signal.c                         0x00000000   Number         0  defsig_cppl_inner.o ABSOLUTE
    ../clib/signal.c                         0x00000000   Number         0  defsig_segv_inner.o ABSOLUTE
    ../clib/signal.c                         0x00000000   Number         0  defsig_other.o ABSOLUTE
    ../clib/signal.s                         0x00000000   Number         0  defsig.o ABSOLUTE
    ../clib/stdlib.c                         0x00000000   Number         0  exit.o ABSOLUTE
    ../fplib/cfplib/fpinit.c                 0x00000000   Number         0  fpinit.o ABSOLUTE
    RTE/Device/STM32F031K6Tx/startup_stm32f031x6.s 0x00000000   Number         0  startup_stm32f031x6.o ABSOLUTE
    dc.s                                     0x00000000   Number         0  dc.o ABSOLUTE
    display.c                                0x00000000   Number         0  display.o ABSOLUTE
    main.c                                   0x00000000   Number         0  main.o ABSOLUTE
    system_stm32f0xx.c                       0x00000000   Number         0  system_stm32f0xx.o ABSOLUTE
    RESET                                    0x08000000   Section      176  startup_stm32f031x6.o(RESET)
    !!!main                                  0x080000b0   Section        8  __main.o(!!!main)
    !!!scatter                               0x080000b8   Section       60  __scatter.o(!!!scatter)
    !!handler_copy                           0x080000f4   Section       26  __scatter_copy.o(!!handler_copy)
    !!handler_zi                             0x08000110   Section       28  __scatter_zi.o(!!handler_zi)
    .ARM.Collect$$libinit$$00000000          0x0800012c   Section        2  libinit.o(.ARM.Collect$$libinit$$00000000)
    .ARM.Collect$$libinit$$00000002          0x0800012e   Section        0  libinit2.o(.ARM.Collect$$libinit$$00000002)
    .ARM.Collect$$libinit$$00000004          0x0800012e   Section        0  libinit2.o(.ARM.Collect$$libinit$$00000004)
    .ARM.Collect$$libinit$$0000000A          0x0800012e   Section        0  libinit2.o(.ARM.Collect$$libinit$$0000000A)
    .ARM.Collect$$libinit$$0000000C          0x0800012e   Section        0  libinit2.o(.ARM.Collect$$libinit$$0000000C)
    .ARM.Collect$$libinit$$0000000E          0x0800012e   Section        0  libinit2.o(.ARM.Collect$$libinit$$0000000E)
    .ARM.Collect$$libinit$$00000011          0x0800012e   Section        0  libinit2.o(.ARM.Collect$$libinit$$00000011)
    .ARM.Collect$$libinit$$00000013          0x0800012e   Section        0  libinit2.o(.ARM.Collect$$libinit$$00000013)
    .ARM.Collect$$libinit$$00000015          0x0800012e   Section        0  libinit2.o(.ARM.Collect$$libinit$$00000015)
    .ARM.Collect$$libinit$$00000017          0x0800012e   Section        0  libinit2.o(.ARM.Collect$$libinit$$00000017)
    .ARM.Collect$$libinit$$00000019          0x0800012e   Section        0  libinit2.o(.ARM.Collect$$libinit$$00000019)
    .ARM.Collect$$libinit$$0000001B          0x0800012e   Section        0  libinit2.o(.ARM.Collect$$libinit$$0000001B)
    .ARM.Collect$$libinit$$0000001D          0x0800012e   Section        0  libinit2.o(.ARM.Collect$$libinit$$0000001D)
    .ARM.Collect$$libinit$$0000001F          0x0800012e   Section        0  libinit2.o(.ARM.Collect$$libinit$$0000001F)
    .ARM.Collect$$libinit$$00000021          0x0800012e   Section        0  libinit2.o(.ARM.Collect$$libinit$$00000021)
    .ARM.Collect$$libinit$$00000023          0x0800012e   Section        0  libinit2.o(.ARM.Collect$$libinit$$00000023)
    .ARM.Collect$$libinit$$00000025          0x0800012e   Section        0  libinit2.o(.ARM.Collect$$libinit$$00000025)
    .ARM.Collect$$libinit$$0000002C          0x0800012e   Section        0  libinit2.o(.ARM.Collect$$libinit$$0000002C)
    .ARM.Collect$$libinit$$0000002E          0x0800012e   Section        0  libinit2.o(.ARM.Collect$$libinit$$0000002E)
    .ARM.Collect$$libinit$$00000030          0x0800012e   Section        0  libinit2.o(.ARM.Collect$$libinit$$00000030)
    .ARM.Collect$$libinit$$00000032          0x0800012e   Section        0  libinit2.o(.ARM.Collect$$libinit$$00000032)
    .ARM.Collect$$libinit$$00000033          0x0800012e   Section        2  libinit2.o(.ARM.Collect$$libinit$$00000033)
    .ARM.Collect$$libshutdown$$00000000      0x08000130   Section        2  libshutdown.o(.ARM.Collect$$libshutdown$$00000000)
    .ARM.Collect$$libshutdown$$00000002      0x08000132   Section        0  libshutdown2.o(.ARM.Collect$$libshutdown$$00000002)
    .ARM.Collect$$libshutdown$$00000004      0x08000132   Section        0  libshutdown2.o(.ARM.Collect$$libshutdown$$00000004)
    .ARM.Collect$$libshutdown$$00000007      0x08000132   Section        0  libshutdown2.o(.ARM.Collect$$libshutdown$$00000007)
    .ARM.Collect$$libshutdown$$0000000A      0x08000132   Section        0  libshutdown2.o(.ARM.Collect$$libshutdown$$0000000A)
    .ARM.Collect$$libshutdown$$0000000C      0x08000132   Section        0  libshutdown2.o(.ARM.Collect$$libshutdown$$0000000C)
    .ARM.Collect$$libshutdown$$0000000F      0x08000132   Section        0  libshutdown2.o(.ARM.Collect$$libshutdown$$0000000F)
    .ARM.Collect$$libshutdown$$00000010      0x08000132   Section        2  libshutdown2.o(.ARM.Collect$$libshutdown$$00000010)
    .ARM.Collect$$rtentry$$00000000          0x08000134   Section        0  __rtentry.o(.ARM.Collect$$rtentry$$00000000)
    .ARM.Collect$$rtentry$$00000002          0x08000134   Section        0  __rtentry2.o(.ARM.Collect$$rtentry$$00000002)
    .ARM.Collect$$rtentry$$00000004          0x08000134   Section        6  __rtentry4.o(.ARM.Collect$$rtentry$$00000004)
    .ARM.Collect$$rtentry$$00000009          0x0800013a   Section        0  __rtentry2.o(.ARM.Collect$$rtentry$$00000009)
    .ARM.Collect$$rtentry$$0000000A          0x0800013a   Section        4  __rtentry2.o(.ARM.Collect$$rtentry$$0000000A)
    .ARM.Collect$$rtentry$$0000000C          0x0800013e   Section        0  __rtentry2.o(.ARM.Collect$$rtentry$$0000000C)
    .ARM.Collect$$rtentry$$0000000D          0x0800013e   Section        8  __rtentry2.o(.ARM.Collect$$rtentry$$0000000D)
    .ARM.Collect$$rtexit$$00000000           0x08000146   Section        2  rtexit.o(.ARM.Collect$$rtexit$$00000000)
    .ARM.Collect$$rtexit$$00000002           0x08000148   Section        0  rtexit2.o(.ARM.Collect$$rtexit$$00000002)
    .ARM.Collect$$rtexit$$00000003           0x08000148   Section        4  rtexit2.o(.ARM.Collect$$rtexit$$00000003)
    .ARM.Collect$$rtexit$$00000004           0x0800014c   Section        6  rtexit2.o(.ARM.Collect$$rtexit$$00000004)
    .text                                    0x08000154   Section       56  startup_stm32f031x6.o(.text)
    .text                                    0x0800018c   Section      504  aeabi_sdivfast.o(.text)
    .text                                    0x08000384   Section        0  heapauxi.o(.text)
    .text                                    0x0800038a   Section       62  sys_stackheap_outer.o(.text)
    .text                                    0x080003c8   Section        0  exit.o(.text)
    .text                                    0x080003d8   Section        8  libspace.o(.text)
    .text                                    0x080003e0   Section        0  sys_exit.o(.text)
    .text                                    0x080003ec   Section        2  use_no_semi.o(.text)
    .text                                    0x080003ee   Section        0  indicate_semi.o(.text)
    CSHigh                                   0x080003f1   Thumb Code    12  display.o(.text.CSHigh)
    [Anonymous Symbol]                       0x080003f0   Section        0  display.o(.text.CSHigh)
    CSLow                                    0x080003fd   Thumb Code    12  display.o(.text.CSLow)
    [Anonymous Symbol]                       0x080003fc   Section        0  display.o(.text.CSLow)
    DCHigh                                   0x08000409   Thumb Code    12  display.o(.text.DCHigh)
    [Anonymous Symbol]                       0x08000408   Section        0  display.o(.text.DCHigh)
    DCLow                                    0x08000415   Thumb Code    12  display.o(.text.DCLow)
    [Anonymous Symbol]                       0x08000414   Section        0  display.o(.text.DCLow)
    [Anonymous Symbol]                       0x08000420   Section        0  main.o(.text.LeftPressed)
    [Anonymous Symbol]                       0x0800042c   Section        0  display.o(.text.RGBToWord)
    ResetHigh                                0x08000445   Thumb Code    12  display.o(.text.ResetHigh)
    [Anonymous Symbol]                       0x08000444   Section        0  display.o(.text.ResetHigh)
    ResetLow                                 0x08000451   Thumb Code    16  display.o(.text.ResetLow)
    [Anonymous Symbol]                       0x08000450   Section        0  display.o(.text.ResetLow)
    __arm_cp.4_0                             0x0800045c   Number         4  display.o(.text.ResetLow)
    [Anonymous Symbol]                       0x08000460   Section        0  main.o(.text.RightPressed)
    __arm_cp.14_0                            0x0800046c   Number         4  main.o(.text.RightPressed)
    [Anonymous Symbol]                       0x08000470   Section        0  main.o(.text.SysTick_Handler)
    [Anonymous Symbol]                       0x0800047c   Section        0  system_stm32f0xx.o(.text.SystemInit)
    [Anonymous Symbol]                       0x08000480   Section        0  main.o(.text.blockTouching)
    command                                  0x080004f9   Thumb Code    16  display.o(.text.command)
    [Anonymous Symbol]                       0x080004f8   Section        0  display.o(.text.command)
    data                                     0x08000509   Thumb Code    16  display.o(.text.data)
    [Anonymous Symbol]                       0x08000508   Section        0  display.o(.text.data)
    [Anonymous Symbol]                       0x08000518   Section        0  main.o(.text.delay)
    __arm_cp.19_0                            0x08000538   Number         4  main.o(.text.delay)
    [Anonymous Symbol]                       0x0800053c   Section        0  display.o(.text.display_begin)
    __arm_cp.0_0                             0x0800074c   Number         4  display.o(.text.display_begin)
    [Anonymous Symbol]                       0x08000750   Section        0  main.o(.text.enablePullUp)
    [Anonymous Symbol]                       0x08000768   Section        0  display.o(.text.fillRectangle)
    [Anonymous Symbol]                       0x08000798   Section        0  main.o(.text.hideBall)
    __arm_cp.23_0                            0x080007b4   Number         4  main.o(.text.hideBall)
    [Anonymous Symbol]                       0x080007b8   Section        0  main.o(.text.hideBat)
    [Anonymous Symbol]                       0x080007d4   Section        0  main.o(.text.hideBlock)
    __arm_cp.18_0                            0x080007f4   Number         4  main.o(.text.hideBlock)
    [Anonymous Symbol]                       0x080007f8   Section        0  main.o(.text.initClock)
    __arm_cp.1_0                             0x08000854   Number         4  main.o(.text.initClock)
    __arm_cp.1_1                             0x08000858   Number         4  main.o(.text.initClock)
    initSPI                                  0x0800085d   Thumb Code    88  display.o(.text.initSPI)
    [Anonymous Symbol]                       0x0800085c   Section        0  display.o(.text.initSPI)
    __arm_cp.1_0                             0x080008a4   Number         4  display.o(.text.initSPI)
    __arm_cp.1_1                             0x080008a8   Number         4  display.o(.text.initSPI)
    __arm_cp.1_2                             0x080008ac   Number         4  display.o(.text.initSPI)
    __arm_cp.1_3                             0x080008b0   Number         4  display.o(.text.initSPI)
    [Anonymous Symbol]                       0x080008b4   Section        0  main.o(.text.initSysTick)
    __arm_cp.2_0                             0x080008c8   Number         4  main.o(.text.initSysTick)
    __arm_cp.2_1                             0x080008cc   Number         4  main.o(.text.initSysTick)
    [Anonymous Symbol]                       0x080008d0   Section        0  main.o(.text.initTimer)
    __arm_cp.3_0                             0x08000930   Number         4  main.o(.text.initTimer)
    __arm_cp.3_1                             0x08000934   Number         4  main.o(.text.initTimer)
    __arm_cp.3_2                             0x08000938   Number         4  main.o(.text.initTimer)
    __arm_cp.3_3                             0x0800093c   Number         4  main.o(.text.initTimer)
    [Anonymous Symbol]                       0x08000940   Section        0  main.o(.text.main)
    __arm_cp.0_0                             0x080009d0   Number         4  main.o(.text.main)
    __arm_cp.0_1                             0x080009d4   Number         4  main.o(.text.main)
    [Anonymous Symbol]                       0x080009d8   Section        0  main.o(.text.moveBall)
    __arm_cp.10_0                            0x080009f0   Number         4  main.o(.text.moveBall)
    __arm_cp.10_1                            0x080009f4   Number         4  main.o(.text.moveBall)
    [Anonymous Symbol]                       0x080009f8   Section        0  main.o(.text.moveBat)
    __arm_cp.15_0                            0x08000a10   Number         4  main.o(.text.moveBat)
    __arm_cp.15_1                            0x08000a14   Number         4  main.o(.text.moveBat)
    mystrlen                                 0x08000a19   Thumb Code    24  display.o(.text.mystrlen)
    [Anonymous Symbol]                       0x08000a18   Section        0  display.o(.text.mystrlen)
    [Anonymous Symbol]                       0x08000a30   Section        0  display.o(.text.openAperture)
    [Anonymous Symbol]                       0x08000a82   Section        0  main.o(.text.pinMode)
    [Anonymous Symbol]                       0x08000a94   Section        0  main.o(.text.playBrici)
    __arm_cp.6_0                             0x08000e9c   Number         4  main.o(.text.playBrici)
    __arm_cp.6_1                             0x08000ea0   Number         4  main.o(.text.playBrici)
    __arm_cp.6_4                             0x08000eb8   Number         4  main.o(.text.playBrici)
    __arm_cp.6_5                             0x08000ebc   Number         4  main.o(.text.playBrici)
    __arm_cp.6_6                             0x08000ec0   Number         4  main.o(.text.playBrici)
    __arm_cp.6_8                             0x08000ed0   Number         4  main.o(.text.playBrici)
    __arm_cp.6_9                             0x08000ed4   Number         4  main.o(.text.playBrici)
    [Anonymous Symbol]                       0x08000ee4   Section        0  display.o(.text.printNumber)
    [Anonymous Symbol]                       0x08000f34   Section        0  display.o(.text.printText)
    __arm_cp.21_0                            0x08000fc8   Number         4  display.o(.text.printText)
    [Anonymous Symbol]                       0x08000fcc   Section        0  display.o(.text.putImage)
    [Anonymous Symbol]                       0x080010f4   Section        0  main.o(.text.random)
    [Anonymous Symbol]                       0x08001118   Section        0  main.o(.text.randomize)
    __arm_cp.8_0                             0x08001130   Number         4  main.o(.text.randomize)
    __arm_cp.8_1                             0x08001134   Number         4  main.o(.text.randomize)
    [Anonymous Symbol]                       0x08001138   Section        0  main.o(.text.showBall)
    __arm_cp.12_0                            0x08001160   Number         4  main.o(.text.showBall)
    __arm_cp.12_1                            0x08001164   Number         4  main.o(.text.showBall)
    [Anonymous Symbol]                       0x08001168   Section        0  main.o(.text.showBat)
    __arm_cp.13_0                            0x08001190   Number         4  main.o(.text.showBat)
    __arm_cp.13_1                            0x08001194   Number         4  main.o(.text.showBat)
    [Anonymous Symbol]                       0x08001198   Section        0  main.o(.text.showBlock)
    __arm_cp.11_0                            0x080011bc   Number         4  main.o(.text.showBlock)
    transferSPI16                            0x080011c1   Thumb Code    36  display.o(.text.transferSPI16)
    [Anonymous Symbol]                       0x080011c0   Section        0  display.o(.text.transferSPI16)
    transferSPI8                             0x080011e5   Thumb Code    44  display.o(.text.transferSPI8)
    [Anonymous Symbol]                       0x080011e4   Section        0  display.o(.text.transferSPI8)
    __arm_cp.29_0                            0x08001208   Number         4  display.o(.text.transferSPI8)
    __arm_cp.29_1                            0x0800120c   Number         4  display.o(.text.transferSPI8)
    .text_divfast                            0x08001210   Section      502  aeabi_sdivfast.o(.text_divfast)
    .L.str.2                                 0x080015e6   Data           6  main.o(.rodata.str1.1)
    [Anonymous Symbol]                       0x080015e6   Section        0  main.o(.rodata.str1.1)
    .L.str.4                                 0x080015ec   Data          14  main.o(.rodata.str1.1)
    .bss                                     0x200000c0   Section       96  libspace.o(.bss)
    prbs_shift_register                      0x20000134   Data           4  main.o(.bss.prbs_shift_register)
    [Anonymous Symbol]                       0x20000134   Section        0  main.o(.bss.prbs_shift_register)
    Heap_Mem                                 0x20000138   Data         512  startup_stm32f031x6.o(HEAP)
    HEAP                                     0x20000138   Section      512  startup_stm32f031x6.o(HEAP)
    Stack_Mem                                0x20000338   Data        1024  startup_stm32f031x6.o(STACK)
    STACK                                    0x20000338   Section     1024  startup_stm32f031x6.o(STACK)
    __initial_sp                             0x20000738   Data           0  startup_stm32f031x6.o(STACK)

    Global Symbols

    Symbol Name                              Value     Ov Type        Size  Object(Section)

    BuildAttributes$$THM_ISAv3M$S$PE$A:L22$X:L11$S22$IEEE1$IW$~IW$USESV6$~STKCKD$USESV7$~SHL$OTIME$ROPI$EBA8$UX$STANDARDLIB$REQ8$PRES8$EABIv2 0x00000000   Number         0  anon$$obj.o ABSOLUTE
    __ARM_exceptions_init                     - Undefined Weak Reference
    __alloca_initialize                       - Undefined Weak Reference
    __arm_preinit_                            - Undefined Weak Reference
    __cpp_initialize__aeabi_                  - Undefined Weak Reference
    __cxa_finalize                            - Undefined Weak Reference
    __rt_locale                               - Undefined Weak Reference
    __sigvec_lookup                           - Undefined Weak Reference
    _atexit_init                              - Undefined Weak Reference
    _call_atexit_fns                          - Undefined Weak Reference
    _clock_init                               - Undefined Weak Reference
    _fp_trap_init                             - Undefined Weak Reference
    _fp_trap_shutdown                         - Undefined Weak Reference
    _get_lc_collate                           - Undefined Weak Reference
    _get_lc_ctype                             - Undefined Weak Reference
    _get_lc_monetary                          - Undefined Weak Reference
    _get_lc_numeric                           - Undefined Weak Reference
    _get_lc_time                              - Undefined Weak Reference
    _getenv_init                              - Undefined Weak Reference
    _handle_redirection                       - Undefined Weak Reference
    _init_alloc                               - Undefined Weak Reference
    _init_user_alloc                          - Undefined Weak Reference
    _initio                                   - Undefined Weak Reference
    _rand_init                                - Undefined Weak Reference
    _signal_finish                            - Undefined Weak Reference
    _signal_init                              - Undefined Weak Reference
    _terminate_alloc                          - Undefined Weak Reference
    _terminate_user_alloc                     - Undefined Weak Reference
    _terminateio                              - Undefined Weak Reference
    __Vectors_Size                           0x000000b0   Number         0  startup_stm32f031x6.o ABSOLUTE
    __Vectors                                0x08000000   Data           4  startup_stm32f031x6.o(RESET)
    __Vectors_End                            0x080000b0   Data           0  startup_stm32f031x6.o(RESET)
    __main                                   0x080000b1   Thumb Code     8  __main.o(!!!main)
    __scatterload                            0x080000b9   Thumb Code     0  __scatter.o(!!!scatter)
    __scatterload_rt2                        0x080000b9   Thumb Code    52  __scatter.o(!!!scatter)
    __scatterload_rt2_thumb_only             0x080000b9   Thumb Code     0  __scatter.o(!!!scatter)
    __scatterload_null                       0x080000c9   Thumb Code     0  __scatter.o(!!!scatter)
    __scatterload_copy                       0x080000f5   Thumb Code    26  __scatter_copy.o(!!handler_copy)
    __scatterload_zeroinit                   0x08000111   Thumb Code    28  __scatter_zi.o(!!handler_zi)
    __rt_lib_init                            0x0800012d   Thumb Code     0  libinit.o(.ARM.Collect$$libinit$$00000000)
    __rt_lib_init_alloca_1                   0x0800012f   Thumb Code     0  libinit2.o(.ARM.Collect$$libinit$$0000002E)
    __rt_lib_init_argv_1                     0x0800012f   Thumb Code     0  libinit2.o(.ARM.Collect$$libinit$$0000002C)
    __rt_lib_init_atexit_1                   0x0800012f   Thumb Code     0  libinit2.o(.ARM.Collect$$libinit$$0000001B)
    __rt_lib_init_clock_1                    0x0800012f   Thumb Code     0  libinit2.o(.ARM.Collect$$libinit$$00000021)
    __rt_lib_init_cpp_1                      0x0800012f   Thumb Code     0  libinit2.o(.ARM.Collect$$libinit$$00000032)
    __rt_lib_init_exceptions_1               0x0800012f   Thumb Code     0  libinit2.o(.ARM.Collect$$libinit$$00000030)
    __rt_lib_init_fp_1                       0x0800012f   Thumb Code     0  libinit2.o(.ARM.Collect$$libinit$$00000002)
    __rt_lib_init_fp_trap_1                  0x0800012f   Thumb Code     0  libinit2.o(.ARM.Collect$$libinit$$0000001F)
    __rt_lib_init_getenv_1                   0x0800012f   Thumb Code     0  libinit2.o(.ARM.Collect$$libinit$$00000023)
    __rt_lib_init_heap_1                     0x0800012f   Thumb Code     0  libinit2.o(.ARM.Collect$$libinit$$0000000A)
    __rt_lib_init_lc_collate_1               0x0800012f   Thumb Code     0  libinit2.o(.ARM.Collect$$libinit$$00000011)
    __rt_lib_init_lc_ctype_1                 0x0800012f   Thumb Code     0  libinit2.o(.ARM.Collect$$libinit$$00000013)
    __rt_lib_init_lc_monetary_1              0x0800012f   Thumb Code     0  libinit2.o(.ARM.Collect$$libinit$$00000015)
    __rt_lib_init_lc_numeric_1               0x0800012f   Thumb Code     0  libinit2.o(.ARM.Collect$$libinit$$00000017)
    __rt_lib_init_lc_time_1                  0x0800012f   Thumb Code     0  libinit2.o(.ARM.Collect$$libinit$$00000019)
    __rt_lib_init_preinit_1                  0x0800012f   Thumb Code     0  libinit2.o(.ARM.Collect$$libinit$$00000004)
    __rt_lib_init_rand_1                     0x0800012f   Thumb Code     0  libinit2.o(.ARM.Collect$$libinit$$0000000E)
    __rt_lib_init_return                     0x0800012f   Thumb Code     0  libinit2.o(.ARM.Collect$$libinit$$00000033)
    __rt_lib_init_signal_1                   0x0800012f   Thumb Code     0  libinit2.o(.ARM.Collect$$libinit$$0000001D)
    __rt_lib_init_stdio_1                    0x0800012f   Thumb Code     0  libinit2.o(.ARM.Collect$$libinit$$00000025)
    __rt_lib_init_user_alloc_1               0x0800012f   Thumb Code     0  libinit2.o(.ARM.Collect$$libinit$$0000000C)
    __rt_lib_shutdown                        0x08000131   Thumb Code     0  libshutdown.o(.ARM.Collect$$libshutdown$$00000000)
    __rt_lib_shutdown_cpp_1                  0x08000133   Thumb Code     0  libshutdown2.o(.ARM.Collect$$libshutdown$$00000002)
    __rt_lib_shutdown_fp_trap_1              0x08000133   Thumb Code     0  libshutdown2.o(.ARM.Collect$$libshutdown$$00000007)
    __rt_lib_shutdown_heap_1                 0x08000133   Thumb Code     0  libshutdown2.o(.ARM.Collect$$libshutdown$$0000000F)
    __rt_lib_shutdown_return                 0x08000133   Thumb Code     0  libshutdown2.o(.ARM.Collect$$libshutdown$$00000010)
    __rt_lib_shutdown_signal_1               0x08000133   Thumb Code     0  libshutdown2.o(.ARM.Collect$$libshutdown$$0000000A)
    __rt_lib_shutdown_stdio_1                0x08000133   Thumb Code     0  libshutdown2.o(.ARM.Collect$$libshutdown$$00000004)
    __rt_lib_shutdown_user_alloc_1           0x08000133   Thumb Code     0  libshutdown2.o(.ARM.Collect$$libshutdown$$0000000C)
    __rt_entry                               0x08000135   Thumb Code     0  __rtentry.o(.ARM.Collect$$rtentry$$00000000)
    __rt_entry_presh_1                       0x08000135   Thumb Code     0  __rtentry2.o(.ARM.Collect$$rtentry$$00000002)
    __rt_entry_sh                            0x08000135   Thumb Code     0  __rtentry4.o(.ARM.Collect$$rtentry$$00000004)
    __rt_entry_li                            0x0800013b   Thumb Code     0  __rtentry2.o(.ARM.Collect$$rtentry$$0000000A)
    __rt_entry_postsh_1                      0x0800013b   Thumb Code     0  __rtentry2.o(.ARM.Collect$$rtentry$$00000009)
    __rt_entry_main                          0x0800013f   Thumb Code     0  __rtentry2.o(.ARM.Collect$$rtentry$$0000000D)
    __rt_entry_postli_1                      0x0800013f   Thumb Code     0  __rtentry2.o(.ARM.Collect$$rtentry$$0000000C)
    __rt_exit                                0x08000147   Thumb Code     0  rtexit.o(.ARM.Collect$$rtexit$$00000000)
    __rt_exit_ls                             0x08000149   Thumb Code     0  rtexit2.o(.ARM.Collect$$rtexit$$00000003)
    __rt_exit_prels_1                        0x08000149   Thumb Code     0  rtexit2.o(.ARM.Collect$$rtexit$$00000002)
    __rt_exit_exit                           0x0800014d   Thumb Code     0  rtexit2.o(.ARM.Collect$$rtexit$$00000004)
    Reset_Handler                            0x08000155   Thumb Code     8  startup_stm32f031x6.o(.text)
    NMI_Handler                              0x0800015d   Thumb Code     2  startup_stm32f031x6.o(.text)
    HardFault_Handler                        0x0800015f   Thumb Code     2  startup_stm32f031x6.o(.text)
    SVC_Handler                              0x08000161   Thumb Code     2  startup_stm32f031x6.o(.text)
    PendSV_Handler                           0x08000163   Thumb Code     2  startup_stm32f031x6.o(.text)
    ADC1_IRQHandler                          0x08000167   Thumb Code     0  startup_stm32f031x6.o(.text)
    DMA1_Channel1_IRQHandler                 0x08000167   Thumb Code     0  startup_stm32f031x6.o(.text)
    DMA1_Channel2_3_IRQHandler               0x08000167   Thumb Code     0  startup_stm32f031x6.o(.text)
    DMA1_Channel4_5_IRQHandler               0x08000167   Thumb Code     0  startup_stm32f031x6.o(.text)
    EXTI0_1_IRQHandler                       0x08000167   Thumb Code     0  startup_stm32f031x6.o(.text)
    EXTI2_3_IRQHandler                       0x08000167   Thumb Code     0  startup_stm32f031x6.o(.text)
    EXTI4_15_IRQHandler                      0x08000167   Thumb Code     0  startup_stm32f031x6.o(.text)
    FLASH_IRQHandler                         0x08000167   Thumb Code     0  startup_stm32f031x6.o(.text)
    I2C1_IRQHandler                          0x08000167   Thumb Code     0  startup_stm32f031x6.o(.text)
    PVD_IRQHandler                           0x08000167   Thumb Code     0  startup_stm32f031x6.o(.text)
    RCC_IRQHandler                           0x08000167   Thumb Code     0  startup_stm32f031x6.o(.text)
    RTC_IRQHandler                           0x08000167   Thumb Code     0  startup_stm32f031x6.o(.text)
    SPI1_IRQHandler                          0x08000167   Thumb Code     0  startup_stm32f031x6.o(.text)
    TIM14_IRQHandler                         0x08000167   Thumb Code     0  startup_stm32f031x6.o(.text)
    TIM16_IRQHandler                         0x08000167   Thumb Code     0  startup_stm32f031x6.o(.text)
    TIM17_IRQHandler                         0x08000167   Thumb Code     0  startup_stm32f031x6.o(.text)
    TIM1_BRK_UP_TRG_COM_IRQHandler           0x08000167   Thumb Code     0  startup_stm32f031x6.o(.text)
    TIM1_CC_IRQHandler                       0x08000167   Thumb Code     0  startup_stm32f031x6.o(.text)
    TIM2_IRQHandler                          0x08000167   Thumb Code     0  startup_stm32f031x6.o(.text)
    TIM3_IRQHandler                          0x08000167   Thumb Code     0  startup_stm32f031x6.o(.text)
    USART1_IRQHandler                        0x08000167   Thumb Code     0  startup_stm32f031x6.o(.text)
    WWDG_IRQHandler                          0x08000167   Thumb Code     0  startup_stm32f031x6.o(.text)
    __user_initial_stackheap                 0x08000169   Thumb Code     0  startup_stm32f031x6.o(.text)
    __aeabi_uidivmod                         0x0800018d   Thumb Code    28  aeabi_sdivfast.o(.text)
    __aeabi_idivmod                          0x080001a9   Thumb Code   472  aeabi_sdivfast.o(.text)
    __use_two_region_memory                  0x08000385   Thumb Code     2  heapauxi.o(.text)
    __rt_heap_escrow$2region                 0x08000387   Thumb Code     2  heapauxi.o(.text)
    __rt_heap_expand$2region                 0x08000389   Thumb Code     2  heapauxi.o(.text)
    __user_setup_stackheap                   0x0800038b   Thumb Code    62  sys_stackheap_outer.o(.text)
    exit                                     0x080003c9   Thumb Code    16  exit.o(.text)
    __user_libspace                          0x080003d9   Thumb Code     8  libspace.o(.text)
    __user_perproc_libspace                  0x080003d9   Thumb Code     0  libspace.o(.text)
    __user_perthread_libspace                0x080003d9   Thumb Code     0  libspace.o(.text)
    _sys_exit                                0x080003e1   Thumb Code     8  sys_exit.o(.text)
    __I$use$semihosting                      0x080003ed   Thumb Code     0  use_no_semi.o(.text)
    __use_no_semihosting_swi                 0x080003ed   Thumb Code     2  use_no_semi.o(.text)
    __semihosting_library_function           0x080003ef   Thumb Code     0  indicate_semi.o(.text)
    LeftPressed                              0x08000421   Thumb Code    12  main.o(.text.LeftPressed)
    RGBToWord                                0x0800042d   Thumb Code    22  display.o(.text.RGBToWord)
    RightPressed                             0x08000461   Thumb Code    16  main.o(.text.RightPressed)
    SysTick_Handler                          0x08000471   Thumb Code    12  main.o(.text.SysTick_Handler)
    SystemInit                               0x0800047d   Thumb Code     2  system_stm32f0xx.o(.text.SystemInit)
    blockTouching                            0x08000481   Thumb Code   120  main.o(.text.blockTouching)
    delay                                    0x08000519   Thumb Code    36  main.o(.text.delay)
    display_begin                            0x0800053d   Thumb Code   532  display.o(.text.display_begin)
    enablePullUp                             0x08000751   Thumb Code    24  main.o(.text.enablePullUp)
    fillRectangle                            0x08000769   Thumb Code    46  display.o(.text.fillRectangle)
    hideBall                                 0x08000799   Thumb Code    32  main.o(.text.hideBall)
    hideBat                                  0x080007b9   Thumb Code    28  main.o(.text.hideBat)
    hideBlock                                0x080007d5   Thumb Code    36  main.o(.text.hideBlock)
    initClock                                0x080007f9   Thumb Code   100  main.o(.text.initClock)
    initSysTick                              0x080008b5   Thumb Code    28  main.o(.text.initSysTick)
    initTimer                                0x080008d1   Thumb Code   112  main.o(.text.initTimer)
    main                                     0x08000941   Thumb Code   152  main.o(.text.main)
    moveBall                                 0x080009d9   Thumb Code    32  main.o(.text.moveBall)
    moveBat                                  0x080009f9   Thumb Code    32  main.o(.text.moveBat)
    openAperture                             0x08000a31   Thumb Code    82  display.o(.text.openAperture)
    pinMode                                  0x08000a83   Thumb Code    18  main.o(.text.pinMode)
    playBrici                                0x08000a95   Thumb Code  1104  main.o(.text.playBrici)
    printNumber                              0x08000ee5   Thumb Code    80  display.o(.text.printNumber)
    printText                                0x08000f35   Thumb Code   152  display.o(.text.printText)
    putImage                                 0x08000fcd   Thumb Code   296  display.o(.text.putImage)
    random                                   0x080010f5   Thumb Code    36  main.o(.text.random)
    randomize                                0x08001119   Thumb Code    32  main.o(.text.randomize)
    showBall                                 0x08001139   Thumb Code    48  main.o(.text.showBall)
    showBat                                  0x08001169   Thumb Code    48  main.o(.text.showBat)
    showBlock                                0x08001199   Thumb Code    40  main.o(.text.showBlock)
    __aeabi_uidiv                            0x08001211   Thumb Code    68  aeabi_sdivfast.o(.text_divfast)
    __aeabi_idiv                             0x08001255   Thumb Code   434  aeabi_sdivfast.o(.text_divfast)
    Font5x7                                  0x08001406   Data         480  display.o(.rodata.Font5x7)
    Region$$Table$$Base                      0x080015fc   Number         0  anon$$obj.o(Region$$Table)
    Region$$Table$$Limit                     0x0800161c   Number         0  anon$$obj.o(Region$$Table)
    Blocks                                   0x20000000   Data         192  main.o(.data.Blocks)
    __libspace_start                         0x200000c0   Data          96  libspace.o(.bss)
    __temporary_stack_top$libspace           0x20000120   Data           0  libspace.o(.bss)
    ball_x                                   0x20000120   Data           4  main.o(.bss.ball_x)
    ball_y                                   0x20000124   Data           4  main.o(.bss.ball_y)
    bat_x                                    0x20000128   Data           4  main.o(.bss.bat_x)
    bat_y                                    0x2000012c   Data           4  main.o(.bss.bat_y)
    milliseconds                             0x20000130   Data           4  main.o(.bss.milliseconds)



==============================================================================

Memory Map of the image

  Image Entry point : 0x08000155

  Load Region LR_1 (Base: 0x08000000, Size: 0x000016dc, Max: 0xffffffff, ABSOLUTE)

    Execution Region ER_RO (Exec base: 0x08000000, Load base: 0x08000000, Size: 0x0000161c, Max: 0xffffffff, ABSOLUTE)

    Exec Addr    Load Addr    Size         Type   Attr      Idx    E Section Name        Object

    0x08000000   0x08000000   0x000000b0   Data   RO          141    RESET               startup_stm32f031x6.o
    0x080000b0   0x080000b0   0x00000008   Code   RO          175  * !!!main             c_p.l(__main.o)
    0x080000b8   0x080000b8   0x0000003c   Code   RO          350    !!!scatter          c_p.l(__scatter.o)
    0x080000f4   0x080000f4   0x0000001a   Code   RO          352    !!handler_copy      c_p.l(__scatter_copy.o)
    0x0800010e   0x0800010e   0x00000002   PAD
    0x08000110   0x08000110   0x0000001c   Code   RO          354    !!handler_zi        c_p.l(__scatter_zi.o)
    0x0800012c   0x0800012c   0x00000002   Code   RO          213    .ARM.Collect$$libinit$$00000000  c_p.l(libinit.o)
    0x0800012e   0x0800012e   0x00000000   Code   RO          227    .ARM.Collect$$libinit$$00000002  c_p.l(libinit2.o)
    0x0800012e   0x0800012e   0x00000000   Code   RO          229    .ARM.Collect$$libinit$$00000004  c_p.l(libinit2.o)
    0x0800012e   0x0800012e   0x00000000   Code   RO          232    .ARM.Collect$$libinit$$0000000A  c_p.l(libinit2.o)
    0x0800012e   0x0800012e   0x00000000   Code   RO          234    .ARM.Collect$$libinit$$0000000C  c_p.l(libinit2.o)
    0x0800012e   0x0800012e   0x00000000   Code   RO          236    .ARM.Collect$$libinit$$0000000E  c_p.l(libinit2.o)
    0x0800012e   0x0800012e   0x00000000   Code   RO          239    .ARM.Collect$$libinit$$00000011  c_p.l(libinit2.o)
    0x0800012e   0x0800012e   0x00000000   Code   RO          241    .ARM.Collect$$libinit$$00000013  c_p.l(libinit2.o)
    0x0800012e   0x0800012e   0x00000000   Code   RO          243    .ARM.Collect$$libinit$$00000015  c_p.l(libinit2.o)
    0x0800012e   0x0800012e   0x00000000   Code   RO          245    .ARM.Collect$$libinit$$00000017  c_p.l(libinit2.o)
    0x0800012e   0x0800012e   0x00000000   Code   RO          247    .ARM.Collect$$libinit$$00000019  c_p.l(libinit2.o)
    0x0800012e   0x0800012e   0x00000000   Code   RO          249    .ARM.Collect$$libinit$$0000001B  c_p.l(libinit2.o)
    0x0800012e   0x0800012e   0x00000000   Code   RO          251    .ARM.Collect$$libinit$$0000001D  c_p.l(libinit2.o)
    0x0800012e   0x0800012e   0x00000000   Code   RO          253    .ARM.Collect$$libinit$$0000001F  c_p.l(libinit2.o)
    0x0800012e   0x0800012e   0x00000000   Code   RO          255    .ARM.Collect$$libinit$$00000021  c_p.l(libinit2.o)
    0x0800012e   0x0800012e   0x00000000   Code   RO          257    .ARM.Collect$$libinit$$00000023  c_p.l(libinit2.o)
    0x0800012e   0x0800012e   0x00000000   Code   RO          259    .ARM.Collect$$libinit$$00000025  c_p.l(libinit2.o)
    0x0800012e   0x0800012e   0x00000000   Code   RO          263    .ARM.Collect$$libinit$$0000002C  c_p.l(libinit2.o)
    0x0800012e   0x0800012e   0x00000000   Code   RO          265    .ARM.Collect$$libinit$$0000002E  c_p.l(libinit2.o)
    0x0800012e   0x0800012e   0x00000000   Code   RO          267    .ARM.Collect$$libinit$$00000030  c_p.l(libinit2.o)
    0x0800012e   0x0800012e   0x00000000   Code   RO          269    .ARM.Collect$$libinit$$00000032  c_p.l(libinit2.o)
    0x0800012e   0x0800012e   0x00000002   Code   RO          270    .ARM.Collect$$libinit$$00000033  c_p.l(libinit2.o)
    0x08000130   0x08000130   0x00000002   Code   RO          305    .ARM.Collect$$libshutdown$$00000000  c_p.l(libshutdown.o)
    0x08000132   0x08000132   0x00000000   Code   RO          333    .ARM.Collect$$libshutdown$$00000002  c_p.l(libshutdown2.o)
    0x08000132   0x08000132   0x00000000   Code   RO          335    .ARM.Collect$$libshutdown$$00000004  c_p.l(libshutdown2.o)
    0x08000132   0x08000132   0x00000000   Code   RO          338    .ARM.Collect$$libshutdown$$00000007  c_p.l(libshutdown2.o)
    0x08000132   0x08000132   0x00000000   Code   RO          341    .ARM.Collect$$libshutdown$$0000000A  c_p.l(libshutdown2.o)
    0x08000132   0x08000132   0x00000000   Code   RO          343    .ARM.Collect$$libshutdown$$0000000C  c_p.l(libshutdown2.o)
    0x08000132   0x08000132   0x00000000   Code   RO          346    .ARM.Collect$$libshutdown$$0000000F  c_p.l(libshutdown2.o)
    0x08000132   0x08000132   0x00000002   Code   RO          347    .ARM.Collect$$libshutdown$$00000010  c_p.l(libshutdown2.o)
    0x08000134   0x08000134   0x00000000   Code   RO          177    .ARM.Collect$$rtentry$$00000000  c_p.l(__rtentry.o)
    0x08000134   0x08000134   0x00000000   Code   RO          183    .ARM.Collect$$rtentry$$00000002  c_p.l(__rtentry2.o)
    0x08000134   0x08000134   0x00000006   Code   RO          195    .ARM.Collect$$rtentry$$00000004  c_p.l(__rtentry4.o)
    0x0800013a   0x0800013a   0x00000000   Code   RO          185    .ARM.Collect$$rtentry$$00000009  c_p.l(__rtentry2.o)
    0x0800013a   0x0800013a   0x00000004   Code   RO          186    .ARM.Collect$$rtentry$$0000000A  c_p.l(__rtentry2.o)
    0x0800013e   0x0800013e   0x00000000   Code   RO          188    .ARM.Collect$$rtentry$$0000000C  c_p.l(__rtentry2.o)
    0x0800013e   0x0800013e   0x00000008   Code   RO          189    .ARM.Collect$$rtentry$$0000000D  c_p.l(__rtentry2.o)
    0x08000146   0x08000146   0x00000002   Code   RO          218    .ARM.Collect$$rtexit$$00000000  c_p.l(rtexit.o)
    0x08000148   0x08000148   0x00000000   Code   RO          276    .ARM.Collect$$rtexit$$00000002  c_p.l(rtexit2.o)
    0x08000148   0x08000148   0x00000004   Code   RO          277    .ARM.Collect$$rtexit$$00000003  c_p.l(rtexit2.o)
    0x0800014c   0x0800014c   0x00000006   Code   RO          278    .ARM.Collect$$rtexit$$00000004  c_p.l(rtexit2.o)
    0x08000152   0x08000152   0x00000002   PAD
    0x08000154   0x08000154   0x00000038   Code   RO          142  * .text               startup_stm32f031x6.o
    0x0800018c   0x0800018c   0x000001f8   Code   RO          165    .text               c_p.l(aeabi_sdivfast.o)
    0x08000384   0x08000384   0x00000006   Code   RO          173    .text               c_p.l(heapauxi.o)
    0x0800038a   0x0800038a   0x0000003e   Code   RO          199    .text               c_p.l(sys_stackheap_outer.o)
    0x080003c8   0x080003c8   0x00000010   Code   RO          202    .text               c_p.l(exit.o)
    0x080003d8   0x080003d8   0x00000008   Code   RO          214    .text               c_p.l(libspace.o)
    0x080003e0   0x080003e0   0x0000000c   Code   RO          271    .text               c_p.l(sys_exit.o)
    0x080003ec   0x080003ec   0x00000002   Code   RO          294    .text               c_p.l(use_no_semi.o)
    0x080003ee   0x080003ee   0x00000000   Code   RO          296    .text               c_p.l(indicate_semi.o)
    0x080003ee   0x080003ee   0x00000002   PAD
    0x080003f0   0x080003f0   0x0000000c   Code   RO           73    .text.CSHigh        display.o
    0x080003fc   0x080003fc   0x0000000c   Code   RO           79    .text.CSLow         display.o
    0x08000408   0x08000408   0x0000000c   Code   RO           89    .text.DCHigh        display.o
    0x08000414   0x08000414   0x0000000c   Code   RO          129    .text.DCLow         display.o
    0x08000420   0x08000420   0x0000000c   Code   RO           16    .text.LeftPressed   main.o
    0x0800042c   0x0800042c   0x00000016   Code   RO          121    .text.RGBToWord     display.o
    0x08000442   0x08000442   0x00000002   PAD
    0x08000444   0x08000444   0x0000000c   Code   RO           75    .text.ResetHigh     display.o
    0x08000450   0x08000450   0x00000010   Code   RO           77    .text.ResetLow      display.o
    0x08000460   0x08000460   0x00000010   Code   RO           30    .text.RightPressed  main.o
    0x08000470   0x08000470   0x0000000c   Code   RO           42    .text.SysTick_Handler  main.o
    0x0800047c   0x0800047c   0x00000002   Code   RO          149    .text.SystemInit    system_stm32f0xx.o
    0x0800047e   0x0800047e   0x00000002   PAD
    0x08000480   0x08000480   0x00000078   Code   RO           36    .text.blockTouching  main.o
    0x080004f8   0x080004f8   0x00000010   Code   RO           81    .text.command       display.o
    0x08000508   0x08000508   0x00000010   Code   RO           83    .text.data          display.o
    0x08000518   0x08000518   0x00000024   Code   RO           40    .text.delay         main.o
    0x0800053c   0x0800053c   0x00000214   Code   RO           69    .text.display_begin  display.o
    0x08000750   0x08000750   0x00000018   Code   RO           12    .text.enablePullUp  main.o
    0x08000768   0x08000768   0x0000002e   Code   RO           85    .text.fillRectangle  display.o
    0x08000796   0x08000796   0x00000002   PAD
    0x08000798   0x08000798   0x00000020   Code   RO           48    .text.hideBall      main.o
    0x080007b8   0x080007b8   0x0000001c   Code   RO           50    .text.hideBat       main.o
    0x080007d4   0x080007d4   0x00000024   Code   RO           38    .text.hideBlock     main.o
    0x080007f8   0x080007f8   0x00000064   Code   RO            4    .text.initClock     main.o
    0x0800085c   0x0800085c   0x00000058   Code   RO           71    .text.initSPI       display.o
    0x080008b4   0x080008b4   0x0000001c   Code   RO            6    .text.initSysTick   main.o
    0x080008d0   0x080008d0   0x00000070   Code   RO            8    .text.initTimer     main.o
    0x08000940   0x08000940   0x00000098   Code   RO            2    .text.main          main.o
    0x080009d8   0x080009d8   0x00000020   Code   RO           22    .text.moveBall      main.o
    0x080009f8   0x080009f8   0x00000020   Code   RO           32    .text.moveBat       main.o
    0x08000a18   0x08000a18   0x00000018   Code   RO          113    .text.mystrlen      display.o
    0x08000a30   0x08000a30   0x00000052   Code   RO           87    .text.openAperture  display.o
    0x08000a82   0x08000a82   0x00000012   Code   RO           10    .text.pinMode       main.o
    0x08000a94   0x08000a94   0x00000450   Code   RO           14    .text.playBrici     main.o
    0x08000ee4   0x08000ee4   0x00000050   Code   RO          117    .text.printNumber   display.o
    0x08000f34   0x08000f34   0x00000098   Code   RO          111    .text.printText     display.o
    0x08000fcc   0x08000fcc   0x00000128   Code   RO           95    .text.putImage      display.o
    0x080010f4   0x080010f4   0x00000024   Code   RO           20    .text.random        main.o
    0x08001118   0x08001118   0x00000020   Code   RO           18    .text.randomize     main.o
    0x08001138   0x08001138   0x00000030   Code   RO           26    .text.showBall      main.o
    0x08001168   0x08001168   0x00000030   Code   RO           28    .text.showBat       main.o
    0x08001198   0x08001198   0x00000028   Code   RO           24    .text.showBlock     main.o
    0x080011c0   0x080011c0   0x00000024   Code   RO           91    .text.transferSPI16  display.o
    0x080011e4   0x080011e4   0x0000002c   Code   RO          127    .text.transferSPI8  display.o
    0x08001210   0x08001210   0x000001f6   Code   RO          166    .text_divfast       c_p.l(aeabi_sdivfast.o)
    0x08001406   0x08001406   0x000001e0   Data   RO          131    .rodata.Font5x7     display.o
    0x080015e6   0x080015e6   0x00000014   Data   RO           57    .rodata.str1.1      main.o
    0x080015fa   0x080015fa   0x00000002   PAD
    0x080015fc   0x080015fc   0x00000020   Data   RO          349    Region$$Table       anon$$obj.o


    Execution Region ER_RW (Exec base: 0x20000000, Load base: 0x0800161c, Size: 0x000000c0, Max: 0xffffffff, ABSOLUTE)

    Exec Addr    Load Addr    Size         Type   Attr      Idx    E Section Name        Object

    0x20000000   0x0800161c   0x000000c0   Data   RW           52    .data.Blocks        main.o


    Execution Region ER_ZI (Exec base: 0x200000c0, Load base: 0x080016dc, Size: 0x00000678, Max: 0xffffffff, ABSOLUTE)

    Exec Addr    Load Addr    Size         Type   Attr      Idx    E Section Name        Object

    0x200000c0        -       0x00000060   Zero   RW          215    .bss                c_p.l(libspace.o)
    0x20000120        -       0x00000004   Zero   RW           55    .bss.ball_x         main.o
    0x20000124        -       0x00000004   Zero   RW           56    .bss.ball_y         main.o
    0x20000128        -       0x00000004   Zero   RW           53    .bss.bat_x          main.o
    0x2000012c        -       0x00000004   Zero   RW           54    .bss.bat_y          main.o
    0x20000130        -       0x00000004   Zero   RW           58    .bss.milliseconds   main.o
    0x20000134        -       0x00000004   Zero   RW           59    .bss.prbs_shift_register  main.o
    0x20000138        -       0x00000200   Zero   RW          140    HEAP                startup_stm32f031x6.o
    0x20000338        -       0x00000400   Zero   RW          139    STACK               startup_stm32f031x6.o


==============================================================================

Image component sizes


      Code (inc. data)   RO Data    RW Data    ZI Data      Debug   Object Name

      1510         36        480          0          0      14091   display.o
      2098        172         20        192         24       8029   main.o
        56         26        176          0       1536        652   startup_stm32f031x6.o
         2          0          0          0          0       1810   system_stm32f0xx.o

    ----------------------------------------------------------------------
      3672        234        710        192       1560      24582   Object Totals
         0          0         32          0          0          0   (incl. Generated)
         6          0          2          0          0          0   (incl. Padding)

    ----------------------------------------------------------------------

      Code (inc. data)   RO Data    RW Data    ZI Data      Debug   Library Member Name

         8          0          0          0          0         68   __main.o
         0          0          0          0          0          0   __rtentry.o
        12          0          0          0          0          0   __rtentry2.o
         6          0          0          0          0          0   __rtentry4.o
        60          8          0          0          0          0   __scatter.o
        26          0          0          0          0          0   __scatter_copy.o
        28          0          0          0          0          0   __scatter_zi.o
      1006          4          0          0          0        184   aeabi_sdivfast.o
        16          0          0          0          0         68   exit.o
         6          0          0          0          0        136   heapauxi.o
         0          0          0          0          0          0   indicate_semi.o
         2          0          0          0          0          0   libinit.o
         2          0          0          0          0          0   libinit2.o
         2          0          0          0          0          0   libshutdown.o
         2          0          0          0          0          0   libshutdown2.o
         8          4          0          0         96         68   libspace.o
         2          0          0          0          0          0   rtexit.o
        10          0          0          0          0          0   rtexit2.o
        12          4          0          0          0         60   sys_exit.o
        62          0          0          0          0         80   sys_stackheap_outer.o
         2          0          0          0          0         68   use_no_semi.o

    ----------------------------------------------------------------------
      1278         20          0          0         96        732   Library Totals
         6          0          0          0          0          0   (incl. Padding)

    ----------------------------------------------------------------------

      Code (inc. data)   RO Data    RW Data    ZI Data      Debug   Library Name

      1272         20          0          0         96        732   c_p.l

    ----------------------------------------------------------------------
      1278         20          0          0         96        732   Library Totals

    ----------------------------------------------------------------------

==============================================================================


      Code (inc. data)   RO Data    RW Data    ZI Data      Debug   

      4950        254        710        192       1656      25086   Grand Totals
      4950        254        710        192       1656      25086   ELF Image Totals
      4950        254        710        192          0          0   ROM Totals

==============================================================================

    Total RO  Size (Code + RO Data)                 5660 (   5.53kB)
    Total RW  Size (RW Data + ZI Data)              1848 (   1.80kB)
    Total ROM Size (Code + RO Data + RW Data)       5852 (   5.71kB)

==============================================================================

